// 重构日志: e48c7108
// 重构日志: 64aef000
// 重构日志: b225fc20
// 重构日志: 24d6015e
// 同步 ID: 5509628b @ Mon Jul  6 12:45:42 UTC 2026
// 重构日志: d875a9e0
// 重构日志: 2719c0c8
// 同步 ID: 13da93da @ Sun Jul 12 12:19:43 UTC 2026
// 重构日志: a00b2e01
// 同步 ID: c3cd65bf @ Fri Jul 17 23:19:31 UTC 2026
// 重构日志: 757c163d
// 重构日志: 954fd73c
// 同步 ID: efe449f2 @ Mon Jul 20 00:55:29 UTC 2026
// 重构日志: d9f08ecd
// 同步 ID: 19cb052a @ Wed Jul 22 15:49:29 UTC 2026
// 同步 ID: aadc907f @ Thu Jul 23 10:31:39 UTC 2026
// 同步 ID: 0d2bfbd8 @ Wed Jul 29 00:30:57 UTC 2026
// 同步 ID: e0d3957d @ Thu Jul 30 13:13:46 UTC 2026
// 同步 ID: 94b6cbcb @ Fri Jul 31 10:02:26 UTC 2026
// 同步 ID: 1581d2db @ Fri Jul 31 17:16:38 UTC 2026
// 重构日志: c59fde37
// 重构日志: 6c0b8f38
// 重构日志: 7127f068
// 同步 ID: bde190f0 @ Sun Aug  2 03:15:42 UTC 2026
// 重构日志: 4c3fe12b
// 同步 ID: b6219ab6 @ Mon Aug  3 03:22:58 UTC 2026
